[webbiit.com/index.html]
[backblue.gif]
[fade.gif]
[index.html]
[connect.facebook.net/en_US/fbevents.js]
[webbiit.com/comments/feed/index.html]
[webbiit.com/feed/index.html]
[webbiit.com/wp-includes/js/jquery/jquery.minf43b.js]
[webbiit.com/wp-includes/js/jquery/jquery-migrate.min5589.js]
[webbiit.com/wp-content/themes/Divi/core/admin/js/recaptchaadc6.js]
[webbiit.com/wp-json/wp/v2/pages/2540.json]
[webbiit.com/wp-json/index.html]
[webbiit.com/xmlrpc0db0.php]
[webbiit.com/wp-json/oembed/1.0/embed8478.json]
[webbiit.com/wp-json/oembed/1.0/embed3733]
[webbiit.com/wp-content/uploads/2023/04/webbiit-logo-new.png]
[webbiit.com/wp-content/uploads/2023/04/info-5.jpg]
[webbiit.com/our-services/index.html]
[webbiit.com/web-design/index.html]
[webbiit.com/about-us/index.html]
[webbiit.com/wp-content/uploads/2023/04/icon-1@2x.png]
[webbiit.com/web-content-marketing/index.html]
[webbiit.com/wp-content/uploads/2023/04/webbiit-new.png]
[webbiit.com/wp-content/uploads/2023/04/icon-service-1.png]
[webbiit.com/sales-funnel-and-email-marketing/index.html]
[webbiit.com/wp-content/uploads/2023/04/icon-service-2.png]
[webbiit.com/wp-content/uploads/2023/04/icon-service-3.png]
[webbiit.com/video-production/index.html]
[webbiit.com/wp-content/uploads/2023/04/logo-1.png]
[webbiit.com/wp-content/uploads/2023/04/bidvertiser1.png]
[webbiit.com/wp-content/uploads/2023/04/fashionafria.png]
[webbiit.com/wp-content/uploads/2023/04/oshe.png]
[webbiit.com/wp-content/uploads/2023/04/oshonism.png]
[webbiit.com/wp-content/uploads/2023/04/info-8@2x.png]
[webbiit.com/wp-content/uploads/2023/04/icon-2@2x.png]
[webbiit.com/wp-content/uploads/2023/04/webbiit-logo-new-1.png]
[webbiit.com/wp-content/plugins/click-to-chat-for-whatsapp/new/inc/assets/js/app128b.js]
[webbiit.com/search-engine-optimization/index.html]
[webbiit.com/wp-content/plugins/wow-carousel-for-divi-lite/assets/js/slick.mind115.js]
[webbiit.com/wp-content/plugins/wow-carousel-for-divi-lite/assets/js/jquery.magnific-popup.mind115.js]
[webbiit.com/wp-content/themes/Divi/js/custom.min50fa.js]
[webbiit.com/wp-content/plugins/thrive-visual-editor/thrive-dashboard/js/dist/frontend.min2bc7.js]
[webbiit.com/wp-content/plugins/wow-carousel-for-divi-lite/scripts/frontend-bundle.mind115.js]
[webbiit.com/wp-content/themes/Divi/core/admin/js/common50fa.js]
[webbiit.com/wp-content/plugins/facebook-conversion-pixel/pixel-cat.min19ce.js]
[webbiit.com/wp-content/plugins/facebook-conversion-pixel/videoadc6.js]
[webbiit.com/index.html]
[webbiit.com/xmlrpc.php]
[webbiit.com/POST.2d.delayed]
[webbiit.com/schema.org/index.html]
[webbiit.com/b.2e.delayed]
[webbiit.com/signals/iwl.30.delayed]
[connect.facebook.net/en_US/fbevents.js]
[webbiit.com/wp-includes/css/dist/block-library/style.minadc6.css]
[webbiit.com/wp-content/plugins/formcraft3/lib/material-icons/MaterialIcons-Regular.eot]
[webbiit.com/wp-content/plugins/formcraft3/lib/material-icons/MaterialIcons-Regular.woff]
[webbiit.com/wp-content/plugins/formcraft3/lib/material-icons/MaterialIcons-Regular.ttf]
[webbiit.com/wp-content/plugins/formcraft3/dist/formcraft-common039c.css]
[webbiit.com/wp-content/plugins/formcraft3/dist/form039c.css]
[webbiit.com/wp-content/plugins/wow-carousel-for-divi-lite/assets/css/core.mind115.css]
[webbiit.com/wp-content/plugins/wow-carousel-for-divi-lite/assets/css/slick.mind115.css]
[webbiit.com/wp-content/plugins/wow-carousel-for-divi-lite/assets/css/magnific-popup.mind115.css]
[webbiit.com/wp-content/themes/Divi/core/admin/fonts/modules.eot]
[webbiit.com/wp-content/themes/Divi/core/admin/fonts/modulesd41d.eot]
[webbiit.com/wp-content/themes/Divi/core/admin/fonts/modules.ttf]
[webbiit.com/wp-content/themes/Divi/core/admin/fonts/modules.woff]
[webbiit.com/wp-content/themes/Divi/includes/builder/styles/images/subscribe-loader.gif]
[webbiit.com/wp-content/themes/Divi/includes/builder/styles/images/preloader.gif]
[webbiit.com/wp-content/themes/Divi/epanel/shortcodes/images/shortcodes-sprite.png]
[webbiit.com/wp-content/themes/Divi/style50fa.css]
[webbiit.com/wp-content/plugins/wow-carousel-for-divi-lite/styles/style.mind115.css]
[webbiit.com/wp-includes/fonts/dashicons7d4b.eot]
[webbiit.com/wp-includes/fonts/dashicons7d4b.ttf]
[webbiit.com/wp-includes/css/dashicons.minadc6.css]
[webbiit.com/wp-content/et-cache/2540/et-core-unified-2540-17250372217444.min.css]
[webbiit.com/wp-json/wp/v2/pages/2669.json]
[webbiit.com/wp-json/oembed/1.0/embedafec.json]
[webbiit.com/wp-json/oembed/1.0/embeda9ef]
[webbiit.com/about-us/index.html]
[webbiit.com/wp-json/wp/v2/pages/2743.json]
[webbiit.com/wp-json/oembed/1.0/embeda897.json]
[webbiit.com/wp-json/oembed/1.0/embed8ed7]
[webbiit.com/our-services/index.html]
[webbiit.com/wp-json/wp/v2/pages/2671.json]
[webbiit.com/wp-json/oembed/1.0/embed2151.json]
[webbiit.com/wp-json/oembed/1.0/embed9927]
[webbiit.com/wp-content/uploads/2023/04/Web-Work1-scaled.jpg]
[webbiit.com/wp-content/uploads/2023/04/Web-Work2-scaled.jpg]
[webbiit.com/wp-content/uploads/2023/04/Web-Work3-scaled.jpg]
[webbiit.com/wp-content/uploads/2023/04/Web-Work4-scaled.jpg]
[webbiit.com/wp-content/uploads/2023/04/Web-Work5-scaled.jpg]
[webbiit.com/wp-content/uploads/2023/04/Web-Work6-scaled.jpg]
[webbiit.com/web-design/index.html]
[webbiit.com/wp-json/wp/v2/pages/2819.json]
[webbiit.com/wp-json/oembed/1.0/embed3613.json]
[webbiit.com/wp-json/oembed/1.0/embeda2cd]
[webbiit.com/wp-content/uploads/2023/04/blog-2-1.jpg]
[webbiit.com/wp-content/uploads/2023/04/seo-company-nigeria.png]
[webbiit.com/web-content-marketing/index.html]
[webbiit.com/wp-json/wp/v2/pages/2843.json]
[webbiit.com/wp-json/oembed/1.0/embed1f9d.json]
[webbiit.com/wp-json/oembed/1.0/embed23af]
[webbiit.com/wp-content/uploads/2020/08/icon-3@2x.png]
[webbiit.com/video-production/index.html]
[webbiit.com/wp-json/wp/v2/pages/2854.json]
[webbiit.com/wp-json/oembed/1.0/embed0d25.json]
[webbiit.com/wp-json/oembed/1.0/embedca22]
[webbiit.com/wp-content/uploads/2020/08/blog-5.jpg]
[webbiit.com/sales-funnel-and-email-marketing/index.html]
[webbiit.com/wp-content/uploads/2020/08/box-bg-1.svg]
[webbiit.com/search-engine-optimization/index.html]
[webbiit.com/POST.html]
[webbiit.com/schema.org/index.html]
[webbiit.com/b.html]
[webbiit.com/signals/iwl.html]
[webbiit.com/wp-content/themes/Divi/core/admin/fonts/modules.svg]
[webbiit.com/index1528.html]
[webbiit.com/wp-content/et-cache/2669/et-core-unified-2669-17250648246338.min.css]
[webbiit.com/index2c19.html]
[webbiit.com/wp-content/et-cache/global/et-divi-customizer-global-17250372233058.min.css]
[webbiit.com/index0c81.html]
[webbiit.com/wp-content/et-cache/2671/et-core-unified-2671-17250648309437.min.css]
[webbiit.com/indexd28b.html]
[webbiit.com/wp-content/et-cache/2819/et-core-unified-2819-17250648383811.min.css]
[webbiit.com/indexab62.html]
[webbiit.com/wp-content/et-cache/2843/et-core-unified-2843-17250648424332.min.css]
[webbiit.com/indexdddd.html]
[webbiit.com/wp-content/et-cache/2854/et-core-unified-2854-17250648467285.min.css]
